[INFO] Scanning for projects...
[INFO] 
[INFO] -------------------< com.vpnexues:vpnexues-backend >--------------------
[INFO] Building vpnexues-backend 1.0.0
[INFO]   from pom.xml
[INFO] --------------------------------[ jar ]---------------------------------
[INFO] 
[INFO] >>> spring-boot:3.2.5:run (default-cli) > test-compile @ vpnexues-backend >>>
[INFO] 
[INFO] --- resources:3.3.1:resources (default-resources) @ vpnexues-backend ---
[INFO] Copying 1 resource from src\main\resources to target\classes
[INFO] Copying 1 resource from src\main\resources to target\classes
[INFO] 
[INFO] --- compiler:3.11.0:compile (default-compile) @ vpnexues-backend ---
[INFO] Changes detected - recompiling the module! :source
[INFO] Compiling 51 source files with javac [debug release 17] to target\classes
[INFO] 
[INFO] --- resources:3.3.1:testResources (default-testResources) @ vpnexues-backend ---
[INFO] skip non existing resourceDirectory C:\flutter\app_test\vpnexues_new\vpnexues-backend\src\test\resources
[INFO] 
[INFO] --- compiler:3.11.0:testCompile (default-testCompile) @ vpnexues-backend ---
[INFO] No sources to compile
[INFO] 
[INFO] <<< spring-boot:3.2.5:run (default-cli) < test-compile @ vpnexues-backend <<<
[INFO] 
[INFO] 
[INFO] --- spring-boot:3.2.5:run (default-cli) @ vpnexues-backend ---
[INFO] Attaching agents: []

  .   ____          _            __ _ _
 /\\ / ___'_ __ _ _(_)_ __  __ _ \ \ \ \
( ( )\___ | '_ | '_| | '_ \/ _` | \ \ \ \
 \\/  ___)| |_)| | | | | || (_| |  ) ) ) )
  '  |____| .__|_| |_|_| |_\__, | / / / /
 =========|_|==============|___/=/_/_/_/
 :: Spring Boot ::                (v3.2.5)

2026-09-11T11:31:15.836+05:30  INFO 26284 --- [vpnexues-backend] [           main] com.vpnexues.VpnexuesApplication         : Starting VpnexuesApplication using Java 17.0.20.1 with PID 26284 (C:\flutter\app_test\vpnexues_new\vpnexues-backend\target\classes started by sachiviaya in C:\flutter\app_test\vpnexues_new\vpnexues-backend)
2026-09-11T11:31:15.840+05:30  INFO 26284 --- [vpnexues-backend] [           main] com.vpnexues.VpnexuesApplication         : No active profile set, falling back to 1 default profile: "default"
2026-09-11T11:31:16.649+05:30  INFO 26284 --- [vpnexues-backend] [           main] .s.d.r.c.RepositoryConfigurationDelegate : Bootstrapping Spring Data JPA repositories in DEFAULT mode.
2026-09-11T11:31:16.786+05:30  INFO 26284 --- [vpnexues-backend] [           main] .s.d.r.c.RepositoryConfigurationDelegate : Finished Spring Data repository scanning in 120 ms. Found 9 JPA repository interfaces.
2026-09-11T11:31:17.426+05:30  INFO 26284 --- [vpnexues-backend] [           main] o.s.b.w.embedded.tomcat.TomcatWebServer  : Tomcat initialized with port 8080 (http)
2026-09-11T11:31:17.439+05:30  INFO 26284 --- [vpnexues-backend] [           main] o.apache.catalina.core.StandardService   : Starting service [Tomcat]
2026-09-11T11:31:17.440+05:30  INFO 26284 --- [vpnexues-backend] [           main] o.apache.catalina.core.StandardEngine    : Starting Servlet engine: [Apache Tomcat/10.1.20]
2026-09-11T11:31:17.516+05:30  INFO 26284 --- [vpnexues-backend] [           main] o.a.c.c.C.[Tomcat].[localhost].[/]       : Initializing Spring embedded WebApplicationContext
2026-09-11T11:31:17.518+05:30  INFO 26284 --- [vpnexues-backend] [           main] w.s.c.ServletWebServerApplicationContext : Root WebApplicationContext: initialization completed in 1634 ms
2026-09-11T11:31:17.673+05:30  INFO 26284 --- [vpnexues-backend] [           main] o.hibernate.jpa.internal.util.LogHelper  : HHH000204: Processing PersistenceUnitInfo [name: default]
2026-09-11T11:31:17.747+05:30  INFO 26284 --- [vpnexues-backend] [           main] org.hibernate.Version                    : HHH000412: Hibernate ORM core version 6.4.4.Final
2026-09-11T11:31:17.787+05:30  INFO 26284 --- [vpnexues-backend] [           main] o.h.c.internal.RegionFactoryInitiator    : HHH000026: Second-level cache disabled
2026-09-11T11:31:18.042+05:30  INFO 26284 --- [vpnexues-backend] [           main] o.s.o.j.p.SpringPersistenceUnitInfo      : No LoadTimeWeaver setup: ignoring JPA class transformer
2026-09-11T11:31:18.073+05:30  INFO 26284 --- [vpnexues-backend] [           main] com.zaxxer.hikari.HikariDataSource       : HikariPool-1 - Starting...
2026-09-11T11:31:18.913+05:30  INFO 26284 --- [vpnexues-backend] [           main] com.zaxxer.hikari.pool.HikariPool        : HikariPool-1 - Added connection org.postgresql.jdbc.PgConnection@30358dc7
2026-09-11T11:31:18.915+05:30  INFO 26284 --- [vpnexues-backend] [           main] com.zaxxer.hikari.HikariDataSource       : HikariPool-1 - Start completed.
2026-09-11T11:31:19.018+05:30  WARN 26284 --- [vpnexues-backend] [           main] org.hibernate.orm.deprecation            : HHH90000025: PostgreSQLDialect does not need to be specified explicitly using 'hibernate.dialect' (remove the property setting and it will be selected by default)
2026-09-11T11:31:20.880+05:30  INFO 26284 --- [vpnexues-backend] [           main] o.h.e.t.j.p.i.JtaPlatformInitiator       : HHH000489: No JTA platform available (set 'hibernate.transaction.jta.platform' to enable JTA platform integration)
2026-09-11T11:31:21.516+05:30  INFO 26284 --- [vpnexues-backend] [           main] j.LocalContainerEntityManagerFactoryBean : Initialized JPA EntityManagerFactory for persistence unit 'default'
2026-09-11T11:31:21.955+05:30  INFO 26284 --- [vpnexues-backend] [           main] o.s.d.j.r.query.QueryEnhancerFactory     : Hibernate is in classpath; If applicable, HQL parser will be used.
2026-09-11T11:31:22.814+05:30  WARN 26284 --- [vpnexues-backend] [           main] JpaBaseConfiguration$JpaWebConfiguration : spring.jpa.open-in-view is enabled by default. Therefore, database queries may be performed during view rendering. Explicitly configure spring.jpa.open-in-view to disable this warning
2026-09-11T11:31:22.838+05:30  WARN 26284 --- [vpnexues-backend] [           main] .s.s.UserDetailsServiceAutoConfiguration : 

Using generated security password: a821bfb5-e4af-4a4f-a642-f575813ca8a1

This generated password is for development use only. Your security configuration must be updated before running your application in production.

2026-09-11T11:31:23.174+05:30  INFO 26284 --- [vpnexues-backend] [           main] o.s.s.web.DefaultSecurityFilterChain     : Will secure any request with [org.springframework.security.web.session.DisableEncodeUrlFilter@2f29b7bd, org.springframework.security.web.context.request.async.WebAsyncManagerIntegrationFilter@71c16f67, org.springframework.security.web.context.SecurityContextHolderFilter@3be4e71c, org.springframework.security.web.header.HeaderWriterFilter@379899f4, org.springframework.web.filter.CorsFilter@47e2a158, org.springframework.security.web.authentication.logout.LogoutFilter@2035f1f0, com.vpnexues.security.JwtAuthFilter@661fe025, org.springframework.security.web.savedrequest.RequestCacheAwareFilter@14a3d15b, org.springframework.security.web.servletapi.SecurityContextHolderAwareRequestFilter@6afed88d, org.springframework.security.web.authentication.AnonymousAuthenticationFilter@7dc0b40a, org.springframework.security.web.session.SessionManagementFilter@2c63f1fe, org.springframework.security.web.access.ExceptionTranslationFilter@63eebb56, org.springframework.security.web.access.intercept.AuthorizationFilter@3c6c5b44]
2026-09-11T11:31:23.471+05:30  INFO 26284 --- [vpnexues-backend] [           main] o.s.b.w.embedded.tomcat.TomcatWebServer  : Tomcat started on port 8080 (http) with context path ''
2026-09-11T11:31:23.483+05:30  INFO 26284 --- [vpnexues-backend] [           main] com.vpnexues.VpnexuesApplication         : Started VpnexuesApplication in 8.061 seconds (process running for 8.411)
2026-09-11T11:31:41.145+05:30  INFO 26284 --- [vpnexues-backend] [nio-8080-exec-1] o.a.c.c.C.[Tomcat].[localhost].[/]       : Initializing Spring DispatcherServlet 'dispatcherServlet'
2026-09-11T11:31:41.145+05:30  INFO 26284 --- [vpnexues-backend] [nio-8080-exec-1] o.s.web.servlet.DispatcherServlet        : Initializing Servlet 'dispatcherServlet'
2026-09-11T11:31:41.146+05:30  INFO 26284 --- [vpnexues-backend] [nio-8080-exec-1] o.s.web.servlet.DispatcherServlet        : Completed initialization in 1 ms
