[INFO] Scanning for projects...
[INFO] 
[INFO] -------------------< com.vpnexues:vpnexues-backend >--------------------
[INFO] Building vpnexues-backend 1.0.0
[INFO]   from pom.xml
[INFO] --------------------------------[ jar ]---------------------------------
[INFO] 
[INFO] >>> spring-boot:3.2.5:run (default-cli) > test-compile @ vpnexues-backend >>>
[INFO] 
[INFO] --- resources:3.3.1:resources (default-resources) @ vpnexues-backend ---
[INFO] Copying 1 resource from src\main\resources to target\classes
[INFO] Copying 1 resource from src\main\resources to target\classes
[INFO] 
[INFO] --- compiler:3.11.0:compile (default-compile) @ vpnexues-backend ---
[INFO] Nothing to compile - all classes are up to date
[INFO] 
[INFO] --- resources:3.3.1:testResources (default-testResources) @ vpnexues-backend ---
[INFO] skip non existing resourceDirectory C:\flutter\app_test\vpnexues_new\vpnexues-backend\src\test\resources
[INFO] 
[INFO] --- compiler:3.11.0:testCompile (default-testCompile) @ vpnexues-backend ---
[INFO] No sources to compile
[INFO] 
[INFO] <<< spring-boot:3.2.5:run (default-cli) < test-compile @ vpnexues-backend <<<
[INFO] 
[INFO] 
[INFO] --- spring-boot:3.2.5:run (default-cli) @ vpnexues-backend ---
[INFO] Attaching agents: []

  .   ____          _            __ _ _
 /\\ / ___'_ __ _ _(_)_ __  __ _ \ \ \ \
( ( )\___ | '_ | '_| | '_ \/ _` | \ \ \ \
 \\/  ___)| |_)| | | | | || (_| |  ) ) ) )
  '  |____| .__|_| |_|_| |_\__, | / / / /
 =========|_|==============|___/=/_/_/_/
 :: Spring Boot ::                (v3.2.5)

2026-09-10T15:09:50.533+05:30  INFO 28880 --- [vpnexues-backend] [           main] com.vpnexues.VpnexuesApplication         : Starting VpnexuesApplication using Java 17.0.20.1 with PID 28880 (C:\flutter\app_test\vpnexues_new\vpnexues-backend\target\classes started by sachiviaya in C:\flutter\app_test\vpnexues_new\vpnexues-backend)
2026-09-10T15:09:50.535+05:30  INFO 28880 --- [vpnexues-backend] [           main] com.vpnexues.VpnexuesApplication         : No active profile set, falling back to 1 default profile: "default"
2026-09-10T15:09:51.166+05:30  INFO 28880 --- [vpnexues-backend] [           main] .s.d.r.c.RepositoryConfigurationDelegate : Bootstrapping Spring Data JPA repositories in DEFAULT mode.
2026-09-10T15:09:51.247+05:30  INFO 28880 --- [vpnexues-backend] [           main] .s.d.r.c.RepositoryConfigurationDelegate : Finished Spring Data repository scanning in 67 ms. Found 9 JPA repository interfaces.
2026-09-10T15:09:51.854+05:30  INFO 28880 --- [vpnexues-backend] [           main] o.s.b.w.embedded.tomcat.TomcatWebServer  : Tomcat initialized with port 8080 (http)
2026-09-10T15:09:51.866+05:30  INFO 28880 --- [vpnexues-backend] [           main] o.apache.catalina.core.StandardService   : Starting service [Tomcat]
2026-09-10T15:09:51.866+05:30  INFO 28880 --- [vpnexues-backend] [           main] o.apache.catalina.core.StandardEngine    : Starting Servlet engine: [Apache Tomcat/10.1.20]
2026-09-10T15:09:51.931+05:30  INFO 28880 --- [vpnexues-backend] [           main] o.a.c.c.C.[Tomcat].[localhost].[/]       : Initializing Spring embedded WebApplicationContext
2026-09-10T15:09:51.932+05:30  INFO 28880 --- [vpnexues-backend] [           main] w.s.c.ServletWebServerApplicationContext : Root WebApplicationContext: initialization completed in 1352 ms
2026-09-10T15:09:52.073+05:30  INFO 28880 --- [vpnexues-backend] [           main] o.hibernate.jpa.internal.util.LogHelper  : HHH000204: Processing PersistenceUnitInfo [name: default]
2026-09-10T15:09:52.124+05:30  INFO 28880 --- [vpnexues-backend] [           main] org.hibernate.Version                    : HHH000412: Hibernate ORM core version 6.4.4.Final
2026-09-10T15:09:52.155+05:30  INFO 28880 --- [vpnexues-backend] [           main] o.h.c.internal.RegionFactoryInitiator    : HHH000026: Second-level cache disabled
2026-09-10T15:09:52.357+05:30  INFO 28880 --- [vpnexues-backend] [           main] o.s.o.j.p.SpringPersistenceUnitInfo      : No LoadTimeWeaver setup: ignoring JPA class transformer
2026-09-10T15:09:52.381+05:30  INFO 28880 --- [vpnexues-backend] [           main] com.zaxxer.hikari.HikariDataSource       : HikariPool-1 - Starting...
2026-09-10T15:09:53.104+05:30  INFO 28880 --- [vpnexues-backend] [           main] com.zaxxer.hikari.pool.HikariPool        : HikariPool-1 - Added connection org.postgresql.jdbc.PgConnection@79308a2
2026-09-10T15:09:53.106+05:30  INFO 28880 --- [vpnexues-backend] [           main] com.zaxxer.hikari.HikariDataSource       : HikariPool-1 - Start completed.
2026-09-10T15:09:53.178+05:30  WARN 28880 --- [vpnexues-backend] [           main] org.hibernate.orm.deprecation            : HHH90000025: PostgreSQLDialect does not need to be specified explicitly using 'hibernate.dialect' (remove the property setting and it will be selected by default)
2026-09-10T15:09:54.346+05:30  INFO 28880 --- [vpnexues-backend] [           main] o.h.e.t.j.p.i.JtaPlatformInitiator       : HHH000489: No JTA platform available (set 'hibernate.transaction.jta.platform' to enable JTA platform integration)
2026-09-10T15:09:54.924+05:30  INFO 28880 --- [vpnexues-backend] [           main] j.LocalContainerEntityManagerFactoryBean : Initialized JPA EntityManagerFactory for persistence unit 'default'
2026-09-10T15:09:55.310+05:30  INFO 28880 --- [vpnexues-backend] [           main] o.s.d.j.r.query.QueryEnhancerFactory     : Hibernate is in classpath; If applicable, HQL parser will be used.
2026-09-10T15:09:56.118+05:30  WARN 28880 --- [vpnexues-backend] [           main] JpaBaseConfiguration$JpaWebConfiguration : spring.jpa.open-in-view is enabled by default. Therefore, database queries may be performed during view rendering. Explicitly configure spring.jpa.open-in-view to disable this warning
2026-09-10T15:09:56.142+05:30  WARN 28880 --- [vpnexues-backend] [           main] .s.s.UserDetailsServiceAutoConfiguration : 

Using generated security password: 89efb0e2-6c1d-4eb7-a69a-55c55070a778

This generated password is for development use only. Your security configuration must be updated before running your application in production.

2026-09-10T15:09:56.512+05:30  INFO 28880 --- [vpnexues-backend] [           main] o.s.s.web.DefaultSecurityFilterChain     : Will secure any request with [org.springframework.security.web.session.DisableEncodeUrlFilter@4fddd42b, org.springframework.security.web.context.request.async.WebAsyncManagerIntegrationFilter@7473cf13, org.springframework.security.web.context.SecurityContextHolderFilter@4de5d46c, org.springframework.security.web.header.HeaderWriterFilter@1377e395, org.springframework.web.filter.CorsFilter@4628344c, org.springframework.security.web.authentication.logout.LogoutFilter@546ab02b, com.vpnexues.security.JwtAuthFilter@438c9aa7, org.springframework.security.web.savedrequest.RequestCacheAwareFilter@9af2a00, org.springframework.security.web.servletapi.SecurityContextHolderAwareRequestFilter@33684b87, org.springframework.security.web.authentication.AnonymousAuthenticationFilter@2411cf8b, org.springframework.security.web.session.SessionManagementFilter@5e147821, org.springframework.security.web.access.ExceptionTranslationFilter@6b56e8ee, org.springframework.security.web.access.intercept.AuthorizationFilter@66abb7d4]
2026-09-10T15:09:56.774+05:30  INFO 28880 --- [vpnexues-backend] [           main] o.s.b.w.embedded.tomcat.TomcatWebServer  : Tomcat started on port 8080 (http) with context path ''
2026-09-10T15:09:56.788+05:30  INFO 28880 --- [vpnexues-backend] [           main] com.vpnexues.VpnexuesApplication         : Started VpnexuesApplication in 6.628 seconds (process running for 6.954)
2026-09-10T15:11:54.090+05:30  INFO 28880 --- [vpnexues-backend] [nio-8080-exec-1] o.a.c.c.C.[Tomcat].[localhost].[/]       : Initializing Spring DispatcherServlet 'dispatcherServlet'
2026-09-10T15:11:54.090+05:30  INFO 28880 --- [vpnexues-backend] [nio-8080-exec-1] o.s.web.servlet.DispatcherServlet        : Initializing Servlet 'dispatcherServlet'
2026-09-10T15:11:54.092+05:30  INFO 28880 --- [vpnexues-backend] [nio-8080-exec-1] o.s.web.servlet.DispatcherServlet        : Completed initialization in 2 ms
2026-09-10T15:27:10.498+05:30  WARN 28880 --- [vpnexues-backend] [l-1 housekeeper] com.zaxxer.hikari.pool.HikariPool        : HikariPool-1 - Thread starvation or clock leap detected (housekeeper delta=9m17s162ms753µs100ns).
2026-09-10T15:42:06.306+05:30  WARN 28880 --- [vpnexues-backend] [l-1 housekeeper] com.zaxxer.hikari.pool.HikariPool        : HikariPool-1 - Thread starvation or clock leap detected (housekeeper delta=13m55s781ms885µs400ns).
