[INFO] Scanning for projects...
[INFO] 
[INFO] -------------------< com.vpnexues:vpnexues-backend >--------------------
[INFO] Building vpnexues-backend 1.0.0
[INFO]   from pom.xml
[INFO] --------------------------------[ jar ]---------------------------------
[INFO] 
[INFO] >>> spring-boot:3.2.5:run (default-cli) > test-compile @ vpnexues-backend >>>
[INFO] 
[INFO] --- resources:3.3.1:resources (default-resources) @ vpnexues-backend ---
[INFO] Copying 1 resource from src\main\resources to target\classes
[INFO] Copying 1 resource from src\main\resources to target\classes
[INFO] 
[INFO] --- compiler:3.11.0:compile (default-compile) @ vpnexues-backend ---
[INFO] Nothing to compile - all classes are up to date
[INFO] 
[INFO] --- resources:3.3.1:testResources (default-testResources) @ vpnexues-backend ---
[INFO] skip non existing resourceDirectory C:\flutter\app_test\vpnexues_new\vpnexues-backend\src\test\resources
[INFO] 
[INFO] --- compiler:3.11.0:testCompile (default-testCompile) @ vpnexues-backend ---
[INFO] No sources to compile
[INFO] 
[INFO] <<< spring-boot:3.2.5:run (default-cli) < test-compile @ vpnexues-backend <<<
[INFO] 
[INFO] 
[INFO] --- spring-boot:3.2.5:run (default-cli) @ vpnexues-backend ---
[INFO] Attaching agents: []

  .   ____          _            __ _ _
 /\\ / ___'_ __ _ _(_)_ __  __ _ \ \ \ \
( ( )\___ | '_ | '_| | '_ \/ _` | \ \ \ \
 \\/  ___)| |_)| | | | | || (_| |  ) ) ) )
  '  |____| .__|_| |_|_| |_\__, | / / / /
 =========|_|==============|___/=/_/_/_/
 :: Spring Boot ::                (v3.2.5)

2026-09-11T10:27:18.283+05:30  INFO 6136 --- [vpnexues-backend] [           main] com.vpnexues.VpnexuesApplication         : Starting VpnexuesApplication using Java 17.0.20.1 with PID 6136 (C:\flutter\app_test\vpnexues_new\vpnexues-backend\target\classes started by sachiviaya in C:\flutter\app_test\vpnexues_new\vpnexues-backend)
2026-09-11T10:27:18.287+05:30  INFO 6136 --- [vpnexues-backend] [           main] com.vpnexues.VpnexuesApplication         : No active profile set, falling back to 1 default profile: "default"
2026-09-11T10:27:19.861+05:30  INFO 6136 --- [vpnexues-backend] [           main] .s.d.r.c.RepositoryConfigurationDelegate : Bootstrapping Spring Data JPA repositories in DEFAULT mode.
2026-09-11T10:27:20.010+05:30  INFO 6136 --- [vpnexues-backend] [           main] .s.d.r.c.RepositoryConfigurationDelegate : Finished Spring Data repository scanning in 123 ms. Found 9 JPA repository interfaces.
2026-09-11T10:27:21.313+05:30  INFO 6136 --- [vpnexues-backend] [           main] o.s.b.w.embedded.tomcat.TomcatWebServer  : Tomcat initialized with port 8080 (http)
2026-09-11T10:27:21.339+05:30  INFO 6136 --- [vpnexues-backend] [           main] o.apache.catalina.core.StandardService   : Starting service [Tomcat]
2026-09-11T10:27:21.340+05:30  INFO 6136 --- [vpnexues-backend] [           main] o.apache.catalina.core.StandardEngine    : Starting Servlet engine: [Apache Tomcat/10.1.20]
2026-09-11T10:27:21.460+05:30  INFO 6136 --- [vpnexues-backend] [           main] o.a.c.c.C.[Tomcat].[localhost].[/]       : Initializing Spring embedded WebApplicationContext
2026-09-11T10:27:21.462+05:30  INFO 6136 --- [vpnexues-backend] [           main] w.s.c.ServletWebServerApplicationContext : Root WebApplicationContext: initialization completed in 3098 ms
2026-09-11T10:27:21.929+05:30  INFO 6136 --- [vpnexues-backend] [           main] o.hibernate.jpa.internal.util.LogHelper  : HHH000204: Processing PersistenceUnitInfo [name: default]
2026-09-11T10:27:22.251+05:30  INFO 6136 --- [vpnexues-backend] [           main] org.hibernate.Version                    : HHH000412: Hibernate ORM core version 6.4.4.Final
2026-09-11T10:27:22.314+05:30  INFO 6136 --- [vpnexues-backend] [           main] o.h.c.internal.RegionFactoryInitiator    : HHH000026: Second-level cache disabled
2026-09-11T10:27:22.682+05:30  INFO 6136 --- [vpnexues-backend] [           main] o.s.o.j.p.SpringPersistenceUnitInfo      : No LoadTimeWeaver setup: ignoring JPA class transformer
2026-09-11T10:27:22.721+05:30  INFO 6136 --- [vpnexues-backend] [           main] com.zaxxer.hikari.HikariDataSource       : HikariPool-1 - Starting...
2026-09-11T10:27:23.947+05:30  INFO 6136 --- [vpnexues-backend] [           main] com.zaxxer.hikari.pool.HikariPool        : HikariPool-1 - Added connection org.postgresql.jdbc.PgConnection@5423a17
2026-09-11T10:27:23.950+05:30  INFO 6136 --- [vpnexues-backend] [           main] com.zaxxer.hikari.HikariDataSource       : HikariPool-1 - Start completed.
2026-09-11T10:27:24.032+05:30  WARN 6136 --- [vpnexues-backend] [           main] org.hibernate.orm.deprecation            : HHH90000025: PostgreSQLDialect does not need to be specified explicitly using 'hibernate.dialect' (remove the property setting and it will be selected by default)
2026-09-11T10:27:25.774+05:30  INFO 6136 --- [vpnexues-backend] [           main] o.h.e.t.j.p.i.JtaPlatformInitiator       : HHH000489: No JTA platform available (set 'hibernate.transaction.jta.platform' to enable JTA platform integration)
2026-09-11T10:27:26.422+05:30  INFO 6136 --- [vpnexues-backend] [           main] j.LocalContainerEntityManagerFactoryBean : Initialized JPA EntityManagerFactory for persistence unit 'default'
2026-09-11T10:27:26.882+05:30  INFO 6136 --- [vpnexues-backend] [           main] o.s.d.j.r.query.QueryEnhancerFactory     : Hibernate is in classpath; If applicable, HQL parser will be used.
2026-09-11T10:27:27.944+05:30  WARN 6136 --- [vpnexues-backend] [           main] JpaBaseConfiguration$JpaWebConfiguration : spring.jpa.open-in-view is enabled by default. Therefore, database queries may be performed during view rendering. Explicitly configure spring.jpa.open-in-view to disable this warning
2026-09-11T10:27:27.983+05:30  WARN 6136 --- [vpnexues-backend] [           main] .s.s.UserDetailsServiceAutoConfiguration : 

Using generated security password: cb817739-ee17-4eeb-a756-6b4b107246d4

This generated password is for development use only. Your security configuration must be updated before running your application in production.

2026-09-11T10:27:28.431+05:30  INFO 6136 --- [vpnexues-backend] [           main] o.s.s.web.DefaultSecurityFilterChain     : Will secure any request with [org.springframework.security.web.session.DisableEncodeUrlFilter@1e1c1634, org.springframework.security.web.context.request.async.WebAsyncManagerIntegrationFilter@4ca3e806, org.springframework.security.web.context.SecurityContextHolderFilter@25b8a2f7, org.springframework.security.web.header.HeaderWriterFilter@75f5293c, org.springframework.web.filter.CorsFilter@4d542218, org.springframework.security.web.authentication.logout.LogoutFilter@6c5fbe8a, com.vpnexues.security.JwtAuthFilter@3453acd2, org.springframework.security.web.savedrequest.RequestCacheAwareFilter@7e130e34, org.springframework.security.web.servletapi.SecurityContextHolderAwareRequestFilter@77d5c4c6, org.springframework.security.web.authentication.AnonymousAuthenticationFilter@38691f8d, org.springframework.security.web.session.SessionManagementFilter@6ff879e5, org.springframework.security.web.access.ExceptionTranslationFilter@ceb4f91, org.springframework.security.web.access.intercept.AuthorizationFilter@26ae9861]
2026-09-11T10:27:28.738+05:30  INFO 6136 --- [vpnexues-backend] [           main] o.s.b.w.embedded.tomcat.TomcatWebServer  : Tomcat started on port 8080 (http) with context path ''
2026-09-11T10:27:28.750+05:30  INFO 6136 --- [vpnexues-backend] [           main] com.vpnexues.VpnexuesApplication         : Started VpnexuesApplication in 11.553 seconds (process running for 11.996)
2026-09-11T10:27:31.602+05:30  INFO 6136 --- [vpnexues-backend] [nio-8080-exec-1] o.a.c.c.C.[Tomcat].[localhost].[/]       : Initializing Spring DispatcherServlet 'dispatcherServlet'
2026-09-11T10:27:31.603+05:30  INFO 6136 --- [vpnexues-backend] [nio-8080-exec-1] o.s.web.servlet.DispatcherServlet        : Initializing Servlet 'dispatcherServlet'
2026-09-11T10:27:31.604+05:30  INFO 6136 --- [vpnexues-backend] [nio-8080-exec-1] o.s.web.servlet.DispatcherServlet        : Completed initialization in 1 ms
2026-09-11T11:16:28.058+05:30  WARN 6136 --- [vpnexues-backend] [l-1 housekeeper] com.zaxxer.hikari.pool.HikariPool        : HikariPool-1 - Thread starvation or clock leap detected (housekeeper delta=1m3s234ms139µs700ns).
2026-09-11T11:24:03.545+05:30  WARN 6136 --- [vpnexues-backend] [nio-8080-exec-6] com.zaxxer.hikari.pool.PoolBase          : HikariPool-1 - Failed to validate connection org.postgresql.jdbc.PgConnection@20055c8e (This connection has been closed.). Possibly consider using a shorter maxLifetime value.
2026-09-11T11:24:03.549+05:30  WARN 6136 --- [vpnexues-backend] [nio-8080-exec-6] com.zaxxer.hikari.pool.PoolBase          : HikariPool-1 - Failed to validate connection org.postgresql.jdbc.PgConnection@2a0cdfa0 (This connection has been closed.). Possibly consider using a shorter maxLifetime value.
2026-09-11T11:24:03.549+05:30  WARN 6136 --- [vpnexues-backend] [nio-8080-exec-6] com.zaxxer.hikari.pool.PoolBase          : HikariPool-1 - Failed to validate connection org.postgresql.jdbc.PgConnection@78639cdc (This connection has been closed.). Possibly consider using a shorter maxLifetime value.
2026-09-11T11:24:03.550+05:30  WARN 6136 --- [vpnexues-backend] [nio-8080-exec-6] com.zaxxer.hikari.pool.PoolBase          : HikariPool-1 - Failed to validate connection org.postgresql.jdbc.PgConnection@72085e72 (This connection has been closed.). Possibly consider using a shorter maxLifetime value.
2026-09-11T11:24:03.550+05:30  WARN 6136 --- [vpnexues-backend] [nio-8080-exec-6] com.zaxxer.hikari.pool.PoolBase          : HikariPool-1 - Failed to validate connection org.postgresql.jdbc.PgConnection@3e885c50 (This connection has been closed.). Possibly consider using a shorter maxLifetime value.
2026-09-11T11:24:03.553+05:30  WARN 6136 --- [vpnexues-backend] [nio-8080-exec-6] com.zaxxer.hikari.pool.PoolBase          : HikariPool-1 - Failed to validate connection org.postgresql.jdbc.PgConnection@72b575fe (This connection has been closed.). Possibly consider using a shorter maxLifetime value.
2026-09-11T11:24:03.553+05:30  WARN 6136 --- [vpnexues-backend] [nio-8080-exec-6] com.zaxxer.hikari.pool.PoolBase          : HikariPool-1 - Failed to validate connection org.postgresql.jdbc.PgConnection@16549208 (This connection has been closed.). Possibly consider using a shorter maxLifetime value.
2026-09-11T11:24:03.554+05:30  WARN 6136 --- [vpnexues-backend] [nio-8080-exec-6] com.zaxxer.hikari.pool.PoolBase          : HikariPool-1 - Failed to validate connection org.postgresql.jdbc.PgConnection@261fb57e (This connection has been closed.). Possibly consider using a shorter maxLifetime value.
2026-09-11T11:24:03.555+05:30  WARN 6136 --- [vpnexues-backend] [nio-8080-exec-6] com.zaxxer.hikari.pool.PoolBase          : HikariPool-1 - Failed to validate connection org.postgresql.jdbc.PgConnection@5a090731 (This connection has been closed.). Possibly consider using a shorter maxLifetime value.
2026-09-11T11:24:03.569+05:30  WARN 6136 --- [vpnexues-backend] [nio-8080-exec-6] com.zaxxer.hikari.pool.PoolBase          : HikariPool-1 - Failed to validate connection org.postgresql.jdbc.PgConnection@34a930b (This connection has been closed.). Possibly consider using a shorter maxLifetime value.
